// Jest Snapshot v1, https://goo.gl/fbAQLP

exports[`Contract 'CardPaymentProcessor' with CashbackController hook connected Snapshot scenarios Common usage of CPP with CC and CV 1`] = `
Array [
  Object {
    "args": Array [
      "0xd10feaa7fea55567e367a112bc53907318a50949442dfc0570945570c5af57cf",
      "deployer",
    ],
    "balances": Object {
      "BRLC": Object {
        "BRLC": 0n,
        "CPP": 0n,
        "cashOutAccount": 0n,
        "cashbackController": 0n,
        "cashbackTreasury": 57896044618658097711785492504343953926634992332820282019728792003956564819967n,
        "cashbackVault": 0n,
        "deployer": 0n,
        "executor": 0n,
        "payer": 1000000000000n,
        "sponsor": 2000000000000n,
      },
    },
    "caller": "deployer",
    "contract": "cashbackVault",
    "events": Array [
      Object {
        "args": Array [
          "0xd10feaa7fea55567e367a112bc53907318a50949442dfc0570945570c5af57cf",
          "deployer",
          "deployer",
        ],
        "contract": "CPP",
        "name": "RoleGranted",
      },
    ],
    "methodFragment": FunctionFragment {
      "constant": false,
      "gas": null,
      "inputs": Array [
        ParamType {
          "arrayChildren": null,
          "arrayLength": null,
          "baseType": "bytes32",
          "components": null,
          "indexed": undefined,
          "name": "role",
          "type": "bytes32",
        },
        ParamType {
          "arrayChildren": null,
          "arrayLength": null,
          "baseType": "address",
          "components": null,
          "indexed": undefined,
          "name": "account",
          "type": "address",
        },
      ],
      "name": "grantRole",
      "outputs": Array [],
      "payable": false,
      "stateMutability": "nonpayable",
      "type": "function",
    },
    "type": "methodCall",
  },
  Object {
    "args": Array [
      "0xb9c949ce1630bb1170ae58dfe0337058a42728368b868322ab94cd0c572ffcc2",
      "cashbackController",
    ],
    "balances": Object {
      "BRLC": Object {
        "BRLC": 0n,
        "CPP": 0n,
        "cashOutAccount": 0n,
        "cashbackController": 0n,
        "cashbackTreasury": 57896044618658097711785492504343953926634992332820282019728792003956564819967n,
        "cashbackVault": 0n,
        "deployer": 0n,
        "executor": 0n,
        "payer": 1000000000000n,
        "sponsor": 2000000000000n,
      },
    },
    "caller": "deployer",
    "contract": "cashbackVault",
    "events": Array [
      Object {
        "args": Array [
          "0xb9c949ce1630bb1170ae58dfe0337058a42728368b868322ab94cd0c572ffcc2",
          "cashbackController",
          "deployer",
        ],
        "contract": "CPP",
        "name": "RoleGranted",
      },
    ],
    "methodFragment": FunctionFragment {
      "constant": false,
      "gas": null,
      "inputs": Array [
        ParamType {
          "arrayChildren": null,
          "arrayLength": null,
          "baseType": "bytes32",
          "components": null,
          "indexed": undefined,
          "name": "role",
          "type": "bytes32",
        },
        ParamType {
          "arrayChildren": null,
          "arrayLength": null,
          "baseType": "address",
          "components": null,
          "indexed": undefined,
          "name": "account",
          "type": "address",
        },
      ],
      "name": "grantRole",
      "outputs": Array [],
      "payable": false,
      "stateMutability": "nonpayable",
      "type": "function",
    },
    "type": "methodCall",
  },
  Object {
    "args": Array [
      "0x241ecf16d79d0f8dbfb92cbc07fe17840425976cf0667f022fe9877caa831b08",
      "deployer",
    ],
    "balances": Object {
      "BRLC": Object {
        "BRLC": 0n,
        "CPP": 0n,
        "cashOutAccount": 0n,
        "cashbackController": 0n,
        "cashbackTreasury": 57896044618658097711785492504343953926634992332820282019728792003956564819967n,
        "cashbackVault": 0n,
        "deployer": 0n,
        "executor": 0n,
        "payer": 1000000000000n,
        "sponsor": 2000000000000n,
      },
    },
    "caller": "deployer",
    "contract": "cashbackVault",
    "events": Array [
      Object {
        "args": Array [
          "0x241ecf16d79d0f8dbfb92cbc07fe17840425976cf0667f022fe9877caa831b08",
          "deployer",
          "deployer",
        ],
        "contract": "CPP",
        "name": "RoleGranted",
      },
    ],
    "methodFragment": FunctionFragment {
      "constant": false,
      "gas": null,
      "inputs": Array [
        ParamType {
          "arrayChildren": null,
          "arrayLength": null,
          "baseType": "bytes32",
          "components": null,
          "indexed": undefined,
          "name": "role",
          "type": "bytes32",
        },
        ParamType {
          "arrayChildren": null,
          "arrayLength": null,
          "baseType": "address",
          "components": null,
          "indexed": undefined,
          "name": "account",
          "type": "address",
        },
      ],
      "name": "grantRole",
      "outputs": Array [],
      "payable": false,
      "stateMutability": "nonpayable",
      "type": "function",
    },
    "type": "methodCall",
  },
  Object {
    "args": Array [
      "cashbackVault",
    ],
    "balances": Object {
      "BRLC": Object {
        "BRLC": 0n,
        "CPP": 0n,
        "cashOutAccount": 0n,
        "cashbackController": 0n,
        "cashbackTreasury": 57896044618658097711785492504343953926634992332820282019728792003956564819967n,
        "cashbackVault": 0n,
        "deployer": 0n,
        "executor": 0n,
        "payer": 1000000000000n,
        "sponsor": 2000000000000n,
      },
    },
    "caller": "deployer",
    "contract": "cashbackController",
    "events": Array [
      Object {
        "args": Array [
          "cashbackController",
          "cashbackVault",
          115792089237316195423570985008687907853269984665640564039457584007913129639935n,
        ],
        "contract": "BRLC",
        "name": "Approval",
      },
      Object {
        "args": Array [
          "cashbackVault",
          "0x0000000000000000000000000000000000000000",
        ],
        "contract": "cashbackController",
        "name": "CashbackVaultUpdated",
      },
    ],
    "methodFragment": FunctionFragment {
      "constant": false,
      "gas": null,
      "inputs": Array [
        ParamType {
          "arrayChildren": null,
          "arrayLength": null,
          "baseType": "address",
          "components": null,
          "indexed": undefined,
          "name": "cashbackVault",
          "type": "address",
        },
      ],
      "name": "setCashbackVault",
      "outputs": Array [],
      "payable": false,
      "stateMutability": "nonpayable",
      "type": "function",
    },
    "type": "methodCall",
  },
  Object {
    "args": Array [
      "0x0000000000000000000000000000000000000000000000000000000000000001",
      "payer",
      10000000000n,
      4000000000n,
      "0x0000000000000000000000000000000000000000",
      0n,
      -1n,
      0n,
    ],
    "balances": Object {
      "BRLC": Object {
        "BRLC": 0n,
        "CPP": 14000000000n,
        "cashOutAccount": 0n,
        "cashbackController": 0n,
        "cashbackTreasury": 57896044618658097711785492504343953926634992332820282019728792003956264819967n,
        "cashbackVault": 300000000n,
        "deployer": 0n,
        "executor": 0n,
        "payer": 986000000000n,
        "sponsor": 2000000000000n,
      },
    },
    "caller": "executor",
    "contract": "CPP",
    "events": Array [
      Object {
        "args": Array [
          "payer",
          "CPP",
          14000000000n,
        ],
        "contract": "BRLC",
        "name": "Transfer",
      },
      Object {
        "args": Array [
          "0x0000000000000000000000000000000000000000000000000000000000000001",
          "payer",
          "0x010000000002540be40000000000ee6b28000000000342770c00",
        ],
        "contract": "CPP",
        "name": "PaymentMade",
      },
      Object {
        "args": Array [
          "cashbackTreasury",
          "cashbackController",
          300000000n,
        ],
        "contract": "BRLC",
        "name": "Transfer",
      },
      Object {
        "args": Array [
          "cashbackController",
          "cashbackVault",
          300000000n,
        ],
        "contract": "BRLC",
        "name": "Transfer",
      },
      Object {
        "args": Array [
          "payer",
          "cashbackController",
          300000000n,
          300000000n,
        ],
        "contract": "cashbackVault",
        "name": "CashbackGranted",
      },
      Object {
        "args": Array [
          "0x0000000000000000000000000000000000000000000000000000000000000001",
          "payer",
          2n,
          300000000n,
        ],
        "contract": "cashbackController",
        "name": "CashbackSent",
      },
    ],
    "methodFragment": FunctionFragment {
      "constant": false,
      "gas": null,
      "inputs": Array [
        ParamType {
          "arrayChildren": null,
          "arrayLength": null,
          "baseType": "bytes32",
          "components": null,
          "indexed": undefined,
          "name": "paymentId",
          "type": "bytes32",
        },
        ParamType {
          "arrayChildren": null,
          "arrayLength": null,
          "baseType": "address",
          "components": null,
          "indexed": undefined,
          "name": "payer",
          "type": "address",
        },
        ParamType {
          "arrayChildren": null,
          "arrayLength": null,
          "baseType": "uint256",
          "components": null,
          "indexed": undefined,
          "name": "baseAmount",
          "type": "uint256",
        },
        ParamType {
          "arrayChildren": null,
          "arrayLength": null,
          "baseType": "uint256",
          "components": null,
          "indexed": undefined,
          "name": "extraAmount",
          "type": "uint256",
        },
        ParamType {
          "arrayChildren": null,
          "arrayLength": null,
          "baseType": "address",
          "components": null,
          "indexed": undefined,
          "name": "sponsor",
          "type": "address",
        },
        ParamType {
          "arrayChildren": null,
          "arrayLength": null,
          "baseType": "uint256",
          "components": null,
          "indexed": undefined,
          "name": "subsidyLimit",
          "type": "uint256",
        },
        ParamType {
          "arrayChildren": null,
          "arrayLength": null,
          "baseType": "int256",
          "components": null,
          "indexed": undefined,
          "name": "cashbackRate_",
          "type": "int256",
        },
        ParamType {
          "arrayChildren": null,
          "arrayLength": null,
          "baseType": "uint256",
          "components": null,
          "indexed": undefined,
          "name": "confirmationAmount",
          "type": "uint256",
        },
      ],
      "name": "makePaymentFor",
      "outputs": Array [],
      "payable": false,
      "stateMutability": "nonpayable",
      "type": "function",
    },
    "type": "methodCall",
  },
  Object {
    "args": Array [
      "0x0000000000000000000000000000000000000000000000000000000000000001",
      100000000n,
    ],
    "balances": Object {
      "BRLC": Object {
        "BRLC": 0n,
        "CPP": 13900000000n,
        "cashOutAccount": 0n,
        "cashbackController": 0n,
        "cashbackTreasury": 57896044618658097711785492504343953926634992332820282019728792003956264819967n,
        "cashbackVault": 300000000n,
        "deployer": 0n,
        "executor": 0n,
        "payer": 986100000000n,
        "sponsor": 2000000000000n,
      },
    },
    "caller": "executor",
    "contract": "CPP",
    "events": Array [
      Object {
        "args": Array [
          "CPP",
          "payer",
          100000000n,
        ],
        "contract": "BRLC",
        "name": "Transfer",
      },
      Object {
        "args": Array [
          "0x0000000000000000000000000000000000000000000000000000000000000001",
          "payer",
          "0x010000000000000000000000000005f5e100",
        ],
        "contract": "CPP",
        "name": "PaymentRefunded",
      },
      Object {
        "args": Array [
          "0x0000000000000000000000000000000000000000000000000000000000000001",
          "payer",
          3n,
          0n,
          300000000n,
        ],
        "contract": "cashbackController",
        "name": "CashbackIncreased",
      },
    ],
    "methodFragment": FunctionFragment {
      "constant": false,
      "gas": null,
      "inputs": Array [
        ParamType {
          "arrayChildren": null,
          "arrayLength": null,
          "baseType": "bytes32",
          "components": null,
          "indexed": undefined,
          "name": "paymentId",
          "type": "bytes32",
        },
        ParamType {
          "arrayChildren": null,
          "arrayLength": null,
          "baseType": "uint256",
          "components": null,
          "indexed": undefined,
          "name": "refundingAmount",
          "type": "uint256",
        },
      ],
      "name": "refundPayment",
      "outputs": Array [],
      "payable": false,
      "stateMutability": "nonpayable",
      "type": "function",
    },
    "type": "methodCall",
  },
  Object {
    "args": Array [
      "payer",
      1000000n,
    ],
    "balances": Object {
      "BRLC": Object {
        "BRLC": 0n,
        "CPP": 13900000000n,
        "cashOutAccount": 0n,
        "cashbackController": 0n,
        "cashbackTreasury": 57896044618658097711785492504343953926634992332820282019728792003956264819967n,
        "cashbackVault": 299000000n,
        "deployer": 0n,
        "executor": 0n,
        "payer": 986101000000n,
        "sponsor": 2000000000000n,
      },
    },
    "caller": "deployer",
    "contract": "cashbackVault",
    "events": Array [
      Object {
        "args": Array [
          "cashbackVault",
          "payer",
          1000000n,
        ],
        "contract": "BRLC",
        "name": "Transfer",
      },
      Object {
        "args": Array [
          "payer",
          "deployer",
          1000000n,
          299000000n,
        ],
        "contract": "cashbackVault",
        "name": "CashbackClaimed",
      },
    ],
    "methodFragment": FunctionFragment {
      "constant": false,
      "gas": null,
      "inputs": Array [
        ParamType {
          "arrayChildren": null,
          "arrayLength": null,
          "baseType": "address",
          "components": null,
          "indexed": undefined,
          "name": "account",
          "type": "address",
        },
        ParamType {
          "arrayChildren": null,
          "arrayLength": null,
          "baseType": "uint64",
          "components": null,
          "indexed": undefined,
          "name": "amount",
          "type": "uint64",
        },
      ],
      "name": "claim",
      "outputs": Array [],
      "payable": false,
      "stateMutability": "nonpayable",
      "type": "function",
    },
    "type": "methodCall",
  },
  Object {
    "args": Array [
      "0x0000000000000000000000000000000000000000000000000000000000000001",
    ],
    "balances": Object {
      "BRLC": Object {
        "BRLC": 0n,
        "CPP": 0n,
        "cashOutAccount": 0n,
        "cashbackController": 0n,
        "cashbackTreasury": 57896044618658097711785492504343953926634992332820282019728792003956564819967n,
        "cashbackVault": 0n,
        "deployer": 0n,
        "executor": 0n,
        "payer": 1000000000000n,
        "sponsor": 2000000000000n,
      },
    },
    "caller": "executor",
    "contract": "CPP",
    "events": Array [
      Object {
        "args": Array [
          "CPP",
          "payer",
          13900000000n,
        ],
        "contract": "BRLC",
        "name": "Transfer",
      },
      Object {
        "args": Array [
          "0x0000000000000000000000000000000000000000000000000000000000000001",
          "payer",
          "0x010000000002540be40000000000ee6b2800000000033c812b00",
        ],
        "contract": "CPP",
        "name": "PaymentRevoked",
      },
      Object {
        "args": Array [
          "cashbackVault",
          "cashbackController",
          299000000n,
        ],
        "contract": "BRLC",
        "name": "Transfer",
      },
      Object {
        "args": Array [
          "payer",
          "cashbackController",
          299000000n,
          0n,
        ],
        "contract": "cashbackVault",
        "name": "CashbackRevoked",
      },
      Object {
        "args": Array [
          "payer",
          "cashbackController",
          1000000n,
        ],
        "contract": "BRLC",
        "name": "Transfer",
      },
      Object {
        "args": Array [
          "cashbackController",
          "cashbackTreasury",
          300000000n,
        ],
        "contract": "BRLC",
        "name": "Transfer",
      },
      Object {
        "args": Array [
          "0x0000000000000000000000000000000000000000000000000000000000000001",
          "payer",
          1n,
          300000000n,
          0n,
        ],
        "contract": "cashbackController",
        "name": "CashbackDecreased",
      },
    ],
    "methodFragment": FunctionFragment {
      "constant": false,
      "gas": null,
      "inputs": Array [
        ParamType {
          "arrayChildren": null,
          "arrayLength": null,
          "baseType": "bytes32",
          "components": null,
          "indexed": undefined,
          "name": "paymentId",
          "type": "bytes32",
        },
      ],
      "name": "revokePayment",
      "outputs": Array [],
      "payable": false,
      "stateMutability": "nonpayable",
      "type": "function",
    },
    "type": "methodCall",
  },
]
`;
